Starting MCP Test Client...
node.exe : Document Reader 
MCP Server running on stdio
At line:1 char:1
+ & "C:\Program 
Files\nodejs/node.exe" 
"C:\Program 
Files\nodejs/node_mo ...
+ ~~~~~~~~~~~~~~~~~~~~~~~~~~~
~~~~~~~~~~~~~~~~~~~~~~~~~~~~~
~~~~~~~~~~~~~
    + CategoryInfo           
   : NotSpecified: (Documen  
  t Reader...unning on std   
 io:String) [], RemoteExc    
eption
    + FullyQualifiedErrorId  
   : NativeCommandError
 
Connected to MCP Server!

--- Testing: get_document_info ---
Error parsing PDF: 
TypeError: pdfParse is not a 
function
    at 
PdfService.getDocumentPages (
C:\Users\pc\Documents\work\SE
LF PROJECTS\PDF-PPT-MCP\build
\services\pdf.service.js:34:3
2)
    at C:\Users\pc\Documents\
work\SELF PROJECTS\PDF-PPT-MC
P\build\index.js:76:65
    at wrappedHandler (C:\Use
rs\pc\Documents\work\SELF PRO
JECTS\PDF-PPT-MCP\node_module
s\@modelcontextprotocol\sdk\d
ist\cjs\server\index.js:128:5
4)
    at C:\Users\pc\Documents\
work\SELF PROJECTS\PDF-PPT-MC
P\node_modules\@modelcontextp
rotocol\sdk\dist\cjs\shared\p
rotocol.js:887:36
    at C:\Users\pc\Documents\
work\SELF PROJECTS\PDF-PPT-MC
P\node_modules\@modelcontextp
rotocol\sdk\dist\cjs\shared\p
rotocol.js:367:25
    at process.processTicksAn
dRejections (node:internal/pr
ocess/task_queues:103:5)
Test failed: McpError: MCP 
error -32603: Error 
executing get_document_info: 
Failed to read PDF: pdfParse 
is not a function
    at McpError.fromError (C:
\Users\pc\Documents\work\SELF
 PROJECTS\PDF-PPT-MCP\node_mo
dules\@modelcontextprotocol\s
dk\src\types.ts:2316:16)
    at Client._onresponse (C:
\Users\pc\Documents\work\SELF
 PROJECTS\PDF-PPT-MCP\node_mo
dules\@modelcontextprotocol\s
dk\src\shared\protocol.ts:921
:36)
    at StdioClientTransport._
transport.onmessage (C:\Users
\pc\Documents\work\SELF PROJE
CTS\PDF-PPT-MCP\node_modules\
@modelcontextprotocol\sdk\src
\shared\protocol.ts:631:22)
    at StdioClientTransport.p
rocessReadBuffer (C:\Users\pc
\Documents\work\SELF PROJECTS
\PDF-PPT-MCP\node_modules\@mo
delcontextprotocol\sdk\src\cl
ient\stdio.ts:197:33)
    at Socket.<anonymous> (C:
\Users\pc\Documents\work\SELF
 PROJECTS\PDF-PPT-MCP\node_mo
dules\@modelcontextprotocol\s
dk\src\client\stdio.ts:152:22
)
    at Socket.emit 
(node:events:508:28)
    at Socket.emit 
(node:domain:489:12)
    at addChunk (node:interna
l/streams/readable:559:12)
    at 
readableAddChunkPushByteMode 
(node:internal/streams/readab
le:510:3)
    at Socket.Readable.push (
node:internal/streams/readabl
e:390:5) {
  code: -32603,
  data: undefined
}
